
Allocating common symbols
Common symbol       size              file

AL_state_id         0x1               alarm.o
PS_pressure         0x4               main.o
AL_state            0x4               alarm.o
PS_state            0x4               main.o
PD_state_id         0x1               main.o
AL_alarm_sig        0x4               alarm.o
PD_state            0x4               main.o
PS_state_id         0x1               main.o
PD_pressure         0x4               main.o
PD_alarm_sig        0x4               main.o
PD_pressure_threshold
                    0x4               main.o

Memory Configuration

Name             Origin             Length             Attributes
flash            0x08000000         0x00020000         xr
sram             0x20000000         0x00005000         xrw
*default*        0x00000000         0xffffffff

Linker script and memory map


.text           0x08000000      0x3ec
 *(.vectors)
 .vectors       0x08000000       0x18 startup.o
                0x08000000                vectors
 *(.text)
 .text          0x08000018       0x90 alarm.o
                0x08000018                AL_init
                0x08000024                AL_turn_on
                0x08000032                AL_turn_off
                0x08000040                ST_AL_busy
                0x08000058                ST_AL_alarm_on
                0x08000084                ST_AL_alarm_off
 .text          0x080000a8       0xc4 driver.o
                0x080000a8                Delay
                0x080000c8                getPressureVal
                0x080000e0                Set_Alarm_actuator
                0x0800011c                GPIO_INITIALIZATION
 .text          0x0800016c       0x74 main.o
                0x0800016c                setup
                0x080001b8                main
 .text          0x080001e0       0xe0 pressure_detection_controller.o
                0x080001e0                PD_init
                0x080001ec                PS_send_pressure
                0x08000218                AL_alarm_get_signal
                0x08000258                ST_PD_reading_pressure_value
                0x08000270                ST_PD_sending_alarm_signal
 .text          0x080002c0       0x94 pressure_sensor.o
                0x080002c0                PS_init
                0x080002cc                ST_PS_reading
                0x080002fc                ST_PS_sending
                0x08000330                ST_PS_idle
 .text          0x08000354       0x98 startup.o
                0x08000354                Usage_Fault_Handler
                0x08000354                Bus_Fault
                0x08000354                Default_Handler
                0x08000354                H_fault_Handler
                0x08000354                MM_Fault_Handler
                0x08000360                Reset_Handler
 *(.rodata)
                0x080003ec                _E_text = .

.glue_7         0x080003ec        0x0
 .glue_7        0x080003ec        0x0 linker stubs

.glue_7t        0x080003ec        0x0
 .glue_7t       0x080003ec        0x0 linker stubs

.vfp11_veneer   0x080003ec        0x0
 .vfp11_veneer  0x080003ec        0x0 linker stubs

.v4_bx          0x080003ec        0x0
 .v4_bx         0x080003ec        0x0 linker stubs

.iplt           0x080003ec        0x0
 .iplt          0x080003ec        0x0 alarm.o

.rel.dyn        0x080003ec        0x0
 .rel.iplt      0x080003ec        0x0 alarm.o

.data           0x20000000        0x0 load address 0x080003ec
                0x20000000                _S_data = .
 *(.data)
 .data          0x20000000        0x0 alarm.o
 .data          0x20000000        0x0 driver.o
 .data          0x20000000        0x0 main.o
 .data          0x20000000        0x0 pressure_detection_controller.o
 .data          0x20000000        0x0 pressure_sensor.o
 .data          0x20000000        0x0 startup.o
                0x20000000                . = ALIGN (0x4)
                0x20000000                _E_data = .

.igot.plt       0x20000000        0x0 load address 0x080003ec
 .igot.plt      0x20000000        0x0 alarm.o

.bss            0x20000000     0x102c load address 0x080003ec
                0x20000000                _S_bss = .
 *(.bss)
 .bss           0x20000000        0x0 alarm.o
 .bss           0x20000000        0x0 driver.o
 .bss           0x20000000        0x0 main.o
 .bss           0x20000000        0x0 pressure_detection_controller.o
 .bss           0x20000000        0x0 pressure_sensor.o
 .bss           0x20000000        0x0 startup.o
                0x20000000                . = ALIGN (0x4)
                0x20000000                _E_bss = .
                0x20001000                . = (. + 0x1000)
 *fill*         0x20000000     0x1000 
                0x20001000                _STACK_TOP = .
 COMMON         0x20001000        0xc alarm.o
                0x20001000                AL_state_id
                0x20001004                AL_state
                0x20001008                AL_alarm_sig
 COMMON         0x2000100c       0x20 main.o
                0x2000100c                PS_pressure
                0x20001010                PS_state
                0x20001014                PD_state_id
                0x20001018                PD_state
                0x2000101c                PS_state_id
                0x20001020                PD_pressure
                0x20001024                PD_alarm_sig
                0x20001028                PD_pressure_threshold
LOAD alarm.o
LOAD driver.o
LOAD main.o
LOAD pressure_detection_controller.o
LOAD pressure_sensor.o
LOAD startup.o
OUTPUT(PDC.elf elf32-littlearm)

.debug_info     0x00000000     0x3546
 .debug_info    0x00000000      0xa54 alarm.o
 .debug_info    0x00000a54      0xa05 driver.o
 .debug_info    0x00001459      0xac9 main.o
 .debug_info    0x00001f22      0xad6 pressure_detection_controller.o
 .debug_info    0x000029f8      0xa28 pressure_sensor.o
 .debug_info    0x00003420      0x126 startup.o

.debug_abbrev   0x00000000      0x9bb
 .debug_abbrev  0x00000000      0x1c2 alarm.o
 .debug_abbrev  0x000001c2      0x1de driver.o
 .debug_abbrev  0x000003a0      0x1c2 main.o
 .debug_abbrev  0x00000562      0x1eb pressure_detection_controller.o
 .debug_abbrev  0x0000074d      0x1c2 pressure_sensor.o
 .debug_abbrev  0x0000090f       0xac startup.o

.debug_loc      0x00000000      0x598
 .debug_loc     0x00000000      0x138 alarm.o
 .debug_loc     0x00000138      0x140 driver.o
 .debug_loc     0x00000278       0x58 main.o
 .debug_loc     0x000002d0      0x16c pressure_detection_controller.o
 .debug_loc     0x0000043c       0xe0 pressure_sensor.o
 .debug_loc     0x0000051c       0x7c startup.o

.debug_aranges  0x00000000       0xc0
 .debug_aranges
                0x00000000       0x20 alarm.o
 .debug_aranges
                0x00000020       0x20 driver.o
 .debug_aranges
                0x00000040       0x20 main.o
 .debug_aranges
                0x00000060       0x20 pressure_detection_controller.o
 .debug_aranges
                0x00000080       0x20 pressure_sensor.o
 .debug_aranges
                0x000000a0       0x20 startup.o

.debug_line     0x00000000      0x7be
 .debug_line    0x00000000      0x13c alarm.o
 .debug_line    0x0000013c      0x1b9 driver.o
 .debug_line    0x000002f5      0x17d main.o
 .debug_line    0x00000472      0x187 pressure_detection_controller.o
 .debug_line    0x000005f9      0x14f pressure_sensor.o
 .debug_line    0x00000748       0x76 startup.o

.debug_str      0x00000000      0x751
 .debug_str     0x00000000      0x539 alarm.o
                                0x5be (size before relaxing)
 .debug_str     0x00000539       0x57 driver.o
                                0x58a (size before relaxing)
 .debug_str     0x00000590       0x77 main.o
                                0x634 (size before relaxing)
 .debug_str     0x00000607       0x85 pressure_detection_controller.o
                                0x668 (size before relaxing)
 .debug_str     0x0000068c       0x41 pressure_sensor.o
                                0x5aa (size before relaxing)
 .debug_str     0x000006cd       0x84 startup.o
                                0x16a (size before relaxing)

.comment        0x00000000       0x7e
 .comment       0x00000000       0x7e alarm.o
                                 0x7f (size before relaxing)
 .comment       0x0000007e       0x7f driver.o
 .comment       0x0000007e       0x7f main.o
 .comment       0x0000007e       0x7f pressure_detection_controller.o
 .comment       0x0000007e       0x7f pressure_sensor.o
 .comment       0x0000007e       0x7f startup.o

.ARM.attributes
                0x00000000       0x33
 .ARM.attributes
                0x00000000       0x33 alarm.o
 .ARM.attributes
                0x00000033       0x33 driver.o
 .ARM.attributes
                0x00000066       0x33 main.o
 .ARM.attributes
                0x00000099       0x33 pressure_detection_controller.o
 .ARM.attributes
                0x000000cc       0x33 pressure_sensor.o
 .ARM.attributes
                0x000000ff       0x33 startup.o

.debug_frame    0x00000000      0x33c
 .debug_frame   0x00000000       0xc0 alarm.o
 .debug_frame   0x000000c0       0xa0 driver.o
 .debug_frame   0x00000160       0x48 main.o
 .debug_frame   0x000001a8       0xbc pressure_detection_controller.o
 .debug_frame   0x00000264       0x88 pressure_sensor.o
 .debug_frame   0x000002ec       0x50 startup.o
