
Allocating common symbols
Common symbol       size              file

g_bss               0x14              app.o

Memory Configuration

Name             Origin             Length             Attributes
flash            0x08000000         0x00020000         xr
sram             0x20000000         0x00005000         xrw
*default*        0x00000000         0xffffffff

Linker script and memory map


.text           0x08000000      0x130
 *(.vectors*)
 .vectors       0x08000000       0x18 startup.o
                0x08000000                vectors
 *(.text*)
 .text          0x08000018       0x7c app.o
                0x08000018                main
 .text          0x08000094       0x90 startup.o
                0x08000094                Usage_Fault_Handler
                0x08000094                Bus_Fault
                0x08000094                Default_Handler
                0x08000094                H_fault_Handler
                0x08000094                MM_Fault_Handler
                0x080000a0                Reset_Handler
 *(.rodata)
 .rodata        0x08000124        0xc app.o
                0x08000124                g_rodata
                0x08000130                _E_text = .

.glue_7         0x08000130        0x0
 .glue_7        0x08000130        0x0 linker stubs

.glue_7t        0x08000130        0x0
 .glue_7t       0x08000130        0x0 linker stubs

.vfp11_veneer   0x08000130        0x0
 .vfp11_veneer  0x08000130        0x0 linker stubs

.v4_bx          0x08000130        0x0
 .v4_bx         0x08000130        0x0 linker stubs

.iplt           0x08000130        0x0
 .iplt          0x08000130        0x0 app.o

.rel.dyn        0x08000130        0x0
 .rel.iplt      0x08000130        0x0 app.o

.data           0x20000000       0x10 load address 0x08000130
                0x20000000                _S_data = .
 *(.data)
 .data          0x20000000       0x10 app.o
                0x20000000                R_ODR
                0x20000004                g_data
 .data          0x20000010        0x0 startup.o
                0x20000010                _E_data = .

.igot.plt       0x20000010        0x0 load address 0x08000140
 .igot.plt      0x20000010        0x0 app.o

.bss            0x20000010     0x1014 load address 0x08000140
                0x20000010                . = ALIGN (0x4)
                0x20000010                _S_bss = .
 *(.bss*)
 .bss           0x20000010        0x0 app.o
 .bss           0x20000010        0x0 startup.o
                0x20000010                . = ALIGN (0x4)
                0x20000010                _E_bss = .
                0x20001010                . = (. + 0x1000)
 *fill*         0x20000010     0x1000 
                0x20001010                _STACK_TOP = .
 COMMON         0x20001010       0x14 app.o
                0x20001010                g_bss
LOAD app.o
LOAD startup.o
OUTPUT(output.elf elf32-littlearm)

.debug_info     0x00000000      0x29e
 .debug_info    0x00000000      0x154 app.o
 .debug_info    0x00000154      0x14a startup.o

.debug_abbrev   0x00000000      0x1ba
 .debug_abbrev  0x00000000       0xfa app.o
 .debug_abbrev  0x000000fa       0xc0 startup.o

.debug_loc      0x00000000       0xb4
 .debug_loc     0x00000000       0x38 app.o
 .debug_loc     0x00000038       0x7c startup.o

.debug_aranges  0x00000000       0x40
 .debug_aranges
                0x00000000       0x20 app.o
 .debug_aranges
                0x00000020       0x20 startup.o

.debug_line     0x00000000       0xca
 .debug_line    0x00000000       0x57 app.o
 .debug_line    0x00000057       0x73 startup.o

.debug_str      0x00000000      0x1b3
 .debug_str     0x00000000      0x125 app.o
                                0x132 (size before relaxing)
 .debug_str     0x00000125       0x8e startup.o
                                0x171 (size before relaxing)

.comment        0x00000000       0x7e
 .comment       0x00000000       0x7e app.o
                                 0x7f (size before relaxing)
 .comment       0x0000007e       0x7f startup.o

.ARM.attributes
                0x00000000       0x33
 .ARM.attributes
                0x00000000       0x33 app.o
 .ARM.attributes
                0x00000033       0x33 startup.o

.debug_frame    0x00000000       0x7c
 .debug_frame   0x00000000       0x2c app.o
 .debug_frame   0x0000002c       0x50 startup.o
