11:40:53 **** Incremental Build of configuration Debug for project Lab2_2STMCube ****
make -j4 all 
arm-none-eabi-gcc "../Src/main.c" -mcpu=cortex-m3 -std=gnu11 -g3 -DSTM32 -DSTM32F1 -DSTM32F103C6Tx -DDEBUG -c -I../Inc -O0 -ffunction-sections -fdata-sections -Wall -fstack-usage -MMD -MP -MF"Src/main.d" -MT"Src/main.o" --specs=nano.specs -mfloat-abi=soft -mthumb -o "Src/main.o"
arm-none-eabi-gcc -o "Lab2_2STMCube.elf" @"objects.list"   -mcpu=cortex-m3 -T"J:\Embedded_Systems\Learn_In_Depth\Lab2_2\Lab2_2STMCube\STM32F103C6TX_FLASH.ld" --specs=nosys.specs -Wl,-Map="Lab2_2STMCube.map" -Wl,--gc-sections -static --specs=nano.specs -mfloat-abi=soft -mthumb -Wl,--start-group -lc -lm -Wl,--end-group
Finished building target: Lab2_2STMCube.elf
 
arm-none-eabi-objdump -h -S  Lab2_2STMCube.elf  > "Lab2_2STMCube.list"
arm-none-eabi-objcopy  -O binary  Lab2_2STMCube.elf  "Lab2_2STMCube.bin"
arm-none-eabi-size   Lab2_2STMCube.elf 
   text	   data	    bss	    dec	    hex	filename
    624	      8	   1568	   2200	    898	Lab2_2STMCube.elf
Finished building: default.size.stdout
 
Finished building: Lab2_2STMCube.bin
Finished building: Lab2_2STMCube.list
 
 

11:40:54 Build Finished. 0 errors, 0 warnings. (took 1s.48ms)

